// Jest Snapshot v1, https://goo.gl/fbAQLP

exports[`Test \`ArgumentError\` property: message 1`] = `"error"`;

exports[`Test \`ArgumentError\` property: message 2`] = `"error"`;

exports[`Test \`ArgumentError\` property: message 3`] = `"error (Parameter 'key_parameter')"`;

exports[`Test \`ArgumentError\` property: message 4`] = `"error"`;

exports[`Test \`ArgumentError\` property: message 5`] = `"error (Parameter 'key_parameter')"`;

exports[`Test \`ArgumentError\` property: message 6`] = `"error"`;

exports[`Test \`ArgumentError\` property: message 7`] = `"error"`;
